10minutemail.com
1337x.to
24.kg
4freerussia.org
5sim.net
7dniv.rv.ua
7tv.app
7tv.io
9tv.co.il
activatica.org
adguard.com
adminforge.de
adultmult.tv
agents.media
ahrefs.com
allegro.pl
amedia.site
amnezia.org
amx.com
anilibria.wtf
anime-portal.su
animedia.tv
animego.org
animespirit.ru
anistar.org
anistars.ru
aol.com
api.service-kp.com
apkmirror.com
arbat.media
archive.ph
archiveofourown.org
attachments.f95zone.to
atv4.dnskp.cc
audiobookbay.lu
avira.com
azathabar.com
azattyq.org
babepedia.com
babook.org
baginya.org
baikal-journal.ru
bbc.co.uk
bbc.com
bellingcat.com
bestchange.ru
bihus.info
blackseanews.net
bluehost.com
booth.pm
booth.pximg.net
botnadzor.org
bt4gprx.com
bufferbloat.net
carnegieendowment.org
cbilling.eu
cbilling.vip
cdnbunny.org
censor.net
censortracker.org
chaturbate.com
cherta.media
chess.com
chub.ai
cloudtorrents.com
cock.li
codelinaro.org
coinpayments.net
coinsbee.com
colta.ru
coursera.org
currenttime.tv
cursorinfo.co.il
cyberghostvpn.com
cyxymu.info
dailylviv.com
danbooru.donmai.us
deckbrew.xyz
deepstatemap.live
delfi.lt
delfi.lv
delivery.2d.net.co
depositphotos.com
designify.com
deviantart.com
digash.live
digitalocean.com
dis.gd
discord-attachments-uploads-prd.storage.googleapis.com
discours.io
doramy.club
dovod.online
doxa.team
dpidetector.org
dreamhost.com
dub.sh
dumka.media
e-hentai.org
e621.net
echofm.online
edu-cisco.org
ef.com
ef.edu
eggertspiele.de
ekhokavkaza.com
element14.com
elements.envato.com
epidemz.net.co
eporner.com
espreso.tv
euronews.com
euroradio.fm
eutrp.eu
expres.online
fansly.com
fapello.com
fastpic.org
ficbook.net
filmix.ac
filmix.biz
filmix.fm
flibusta.is
flibusta.net
flipboard.com
flisland.net
fls.guru
fonge.org
forklog.com
fortanga.org
foxnews.com
freedomletters.org
freemedia.io
gagadget.com
gamedistribution.com
gamesrepack.com
germania.one
getoutline.org
gifyu.com
git.new
glavred.info
glavred.net
godaddy.com
gofile.io
golosameriki.com
gonitro.com
goodreads.com
grani.ru
graty.me
gulagu.net
hackernoon.com
hackmd.io
hdrezka.ag
hdrezka.app
hdrezka.me
hdrezka.tv
hdrzk.org
hdstudio.org
hetzner.com
hitomi.la
holod.media
hostgator.com
hqporner.com
hromadske.ua
hs.fi
idelreal.org
iditelesombase.org
ign.com
iichan.hk
ilook.tv
important-stories.com
incy.cc
indiehackers.com
infineon.com
insearch.site
instagram.com
interactivebrokers.co.uk
interfax.com.ua
iptv.online
is.fi
istories.media
itch.io
itsmycity.ru
jut-su.net
jut.su
kaktus.media
kamatera.com
kara.su
kavkaz-uzel.eu
kavkazr.com
kinogo.ec
kinopub.me
kinovod.net
kinozal.guru
kinozal.me
kinozal.tv
kinozaltv.life
knews.kg
knowyourmeme.com
korrespondent.net
kovcheg.live
krymr.com
lamcdn.net
lantern.io
le-production.tv
leafletjs.com
libgen.li
licdn.com
liga.net
linear.app
lingq.com
linkedin.com
liveuamap.com
locals.md
lolz.guru
lostfilm.download
lostfilm.tv
lostfilm.tw
lostfilm.uno
lostfilmtv2.site
lu4.org
lucid.app
magaz.global
mail-api.proton.me
mailfence.com
mailo.com
make.com
malwarebytes.com
manga-chan.me
mangadex.org
mangahub.ru
manyvids.com
mashable.com
mbk-news.appspot.com
mediazona.ca
medium.com
meduza.io
mega.nz
megapeer.vip
merezha.co
metacritic.com
metal-archives.com
metla.press
mezha.net
mignews.com
mmcdn.com
modrinth.com
monolisa.dev
mullvad.net
multporn.net
musical.ly
musicbrainz.org
musixmatch.com
mw2.wiki
myanimelist.net
navalny.com
neformat.com.ua
networksolutions.com
newsru.co.il
newtimes.ru
nhentai.com
nhentai.net
nhl.com
nippon.com
nnmclub.to
nnmstatic.win
notepad-plus-plus.org
novaline.fm
novaya.no
novayagazeta.eu
novayagazeta.ru
novyny.live
obozrevatel.com
ohmyswift.ru
oi.legal
okx.com
olx.ua
openmedia.io
opensanctions.org
opensea.io
ovd.info
ovd.legal
ovd.news
ovdinfo.org
ozodi.org
pages.dev
pap.pl
paperpaper.io
patriot.dp.ua
pb.wtf
pimpletv.ru
piratbit.top
pixabay.com
playboy.com
politico.eu
politiken.dk
polymarket.com
pornolab.net
portal.lviv.ua
posle.media
postimees.ee
pravda.com.ua
primevue.org
privatekeys.pw
prnt.sc
proekt.media
pronouns.page
prosleduetmedia.com
proton.me
protonvpn.com
provereno.media
pvpessence.com
r4.err.ee
radiosvoboda.org
rbc.ua
realbooru.com
realist.online
reddxxx.com
redgifs.com
redshieldvpn.com
refactoring.guru
render-state.to
rentry.co
rentry.org
restream.io
rezka-ua.in
rezka.ag
rezka.fi
rezka.my
rezkify.com
rf.dobrochan.net
rferl.org
riperam.org
riseup.net
roar-review.com
root-nation.com
roskomsvoboda.org
rublacklist.net
rule34.art
rule34.us
rule34.xxx
rus.delfi.ee
ruscryde.net
rustorka.com
rutor.org
rutracker.net
rutracker.org
rutracker.wiki
sakharovfoundation.org
scrollrevealjs.org
scryde.io
scryde.net
scryde11.net
scryde12.net
seasonvar.ru
selezen.org
semnasem.org
severreal.org
shikimori.one
showip.net
sibreal.org
signal.org
simplex.chat
simplex.im
simplix.info
skat.media
skiff.com
skladchik.com
sklatchiki.ru
slashlib.me
slavicsac.com
sndcdn.com
sobesednik.com
sophos.com
sotaproject.com
soundcloud.com
sovetromantica.com
speedtest.net
spektr.press
spreadthesign.com
startpage.com
static.lostfilm.top
statology.org
strana.news
strana.today
supersliv.biz
surfshark.com
suspilne.media
svidomi.in.ua
svoboda.org
svtv.org
swissinfo.ch
t-invariant.org
te-st.org
telegraf.by
telegraf.news
telegraph.co.uk
temu.com
thebarentsobserver.com
theins.press
theins.ru
themoscowtimes.com
thepiratebay.org
thetruestory.news
thetvdb.com
threema.ch
tiktok.com
tiktokv.com
tiktokw.us
torproject.org
trellix.com
tvdevinfo.com
tvfreedom.io
tvrain.ru
tvrain.tv
twin.me
twinlife-systems.com
twinme.com
twirpx.com
ukdevilz.com
ukr.net
ukrainer.net
ukrinform.net
ukrtelcdn.net
unian.ua
urlr.me
usa.one
usatoday.com
verstka.media
vesma.one
vesma.today
vesty.co.il
viber.com
vice.com
vipergirls.to
visualcapitalist.com
voanews.com
vot-tak.tv
vpngen.org
vpnlove.me
vpnpay.io
wdfiles.com
webtoons.com
windows10spotlight.com
xhamster.com
xhamsterlive.com
xnxx-cdn.com
xnxx-ru.com
xnxx.com
xnxx.net
xnxx.tv
xnxx3.com
xv-ru.com
xvideos-cdn.com
xvideos.com
yande.re
yle.fi
yt3.googleusercontent.com
yummyani.me
zahav.ru
zaxid.net
zendesk.com
zerkalo.io
zona.media
